Job started on pax106 at Fri Sep  4 11:39:41 AM EDT 2026
SLURM job ID: 3260408
GPU: 0
Boltz-2 Affinity Prediction Pipeline
============================================================
Extracting receptor sequences...
  Chains: A:479aa, B:479aa, C:450aa, D:450aa, E:450aa
  alpha9  (chain A): 479 residues
  alpha10 (chain C): 450 residues

Docking results: 120 total, 31 sites
Top 5 sites by docking energy:
  Site 31: O-ethyl_ascorbate E=-7.95 kcal/mol
  Site 34: O-ethyl_ascorbate E=-7.83 kcal/mol
  Site 32: O-ethyl_ascorbate E=-7.81 kcal/mol
  Site 3: O-ethyl_ascorbate E=-7.74 kcal/mol
  Site 30: O-ethyl_ascorbate E=-7.58 kcal/mol

Generated 12 YAML files in /cluster/home/nbhatt04/lean_pipeline/phase08_boltz_affinity/yaml_inputs

[1/12] Running Boltz-2: site 31 + ascorbate...
  FAILED (rc=1)
  stderr: Traceback (most recent call last):
  File "<frozen runpy>", line 198, in _run_module_as_main
  File "<frozen runpy>", line 88, in _run_code
  File "/cluster/home/nbhatt04/.venvs/pymol/lib/python3.11/s

[2/12] Running Boltz-2: site 31 + O-ethyl_ascorbate...
  FAILED (rc=1)
  stderr: Traceback (most recent call last):
  File "/cluster/home/nbhatt04/alpha9alpah10-ascorbic-alphafold3/envs/ascmd/lib/python3.11/urllib/request.py", line 274, in urlretrieve
    tfp.write(block)
OSError:

[3/12] Running Boltz-2: site 31 + acetate...
  FAILED (rc=1)
  stderr: Traceback (most recent call last):
  File "<frozen runpy>", line 198, in _run_module_as_main
  File "<frozen runpy>", line 88, in _run_code
  File "/cluster/home/nbhatt04/.venvs/pymol/lib/python3.11/s

[4/12] Running Boltz-2: site 31 + ryanodine...
  FAILED (rc=1)
  stderr: Traceback (most recent call last):
  File "<frozen runpy>", line 198, in _run_module_as_main
  File "<frozen runpy>", line 88, in _run_code
  File "/cluster/home/nbhatt04/.venvs/pymol/lib/python3.11/s

[5/12] Running Boltz-2: site 34 + ascorbate...
  FAILED (rc=1)
  stderr: Traceback (most recent call last):
  File "<frozen runpy>", line 198, in _run_module_as_main
  File "<frozen runpy>", line 88, in _run_code
  File "/cluster/home/nbhatt04/.venvs/pymol/lib/python3.11/s

[6/12] Running Boltz-2: site 34 + O-ethyl_ascorbate...
  FAILED (rc=1)
  stderr: Traceback (most recent call last):
  File "<frozen runpy>", line 198, in _run_module_as_main
  File "<frozen runpy>", line 88, in _run_code
  File "/cluster/home/nbhatt04/.venvs/pymol/lib/python3.11/s

[7/12] Running Boltz-2: site 34 + acetate...
  FAILED (rc=1)
  stderr: Traceback (most recent call last):
  File "<frozen runpy>", line 198, in _run_module_as_main
  File "<frozen runpy>", line 88, in _run_code
  File "/cluster/home/nbhatt04/.venvs/pymol/lib/python3.11/s

[8/12] Running Boltz-2: site 34 + ryanodine...
  FAILED (rc=1)
  stderr: Traceback (most recent call last):
  File "<frozen runpy>", line 198, in _run_module_as_main
  File "<frozen runpy>", line 88, in _run_code
  File "/cluster/home/nbhatt04/.venvs/pymol/lib/python3.11/s

[9/12] Running Boltz-2: site 32 + ascorbate...
  FAILED (rc=1)
  stderr: Traceback (most recent call last):
  File "<frozen runpy>", line 198, in _run_module_as_main
  File "<frozen runpy>", line 88, in _run_code
  File "/cluster/home/nbhatt04/.venvs/pymol/lib/python3.11/s

[10/12] Running Boltz-2: site 32 + O-ethyl_ascorbate...
  FAILED (rc=1)
  stderr: Traceback (most recent call last):
  File "<frozen runpy>", line 198, in _run_module_as_main
  File "<frozen runpy>", line 88, in _run_code
  File "/cluster/home/nbhatt04/.venvs/pymol/lib/python3.11/s

[11/12] Running Boltz-2: site 32 + acetate...
  FAILED (rc=1)
  stderr: Traceback (most recent call last):
  File "<frozen runpy>", line 198, in _run_module_as_main
  File "<frozen runpy>", line 88, in _run_code
  File "/cluster/home/nbhatt04/.venvs/pymol/lib/python3.11/s

[12/12] Running Boltz-2: site 32 + ryanodine...
  FAILED (rc=1)
  stderr: Traceback (most recent call last):
  File "<frozen runpy>", line 198, in _run_module_as_main
  File "<frozen runpy>", line 88, in _run_code
  File "/cluster/home/nbhatt04/.venvs/pymol/lib/python3.11/s

Results: /cluster/home/nbhatt04/lean_pipeline/phase08_boltz_affinity/boltz2_affinity_results.csv

0/12 predictions successful

Done.
Job finished at Fri Sep  4 11:45:20 AM EDT 2026
