==========================================
Boltz-2 SAR Affinity Predictions
Started: Sat Sep  5 02:08:41 PM EDT 2026
Job ID: 3294084
Array ID: 6
Node: pax105
GPU: 0
==========================================
Total YAML files: 180
Processing YAML files 60 to 69

[14:08:41] Processing: site23/site23_cpd10_binary
Usage: boltz predict [OPTIONS] DATA
Try 'boltz predict --help' for help.

Error: No such option: --affinity Did you mean --affinity_checkpoint?
  Completed: 14:09:08

[14:09:08] Processing: site23/site23_cpd10_ternary
Usage: boltz predict [OPTIONS] DATA
Try 'boltz predict --help' for help.

Error: No such option: --affinity Did you mean --affinity_checkpoint?
  Completed: 14:09:16

[14:09:16] Processing: site23/site23_cpd11_binary
Usage: boltz predict [OPTIONS] DATA
Try 'boltz predict --help' for help.

Error: No such option: --affinity Did you mean --affinity_checkpoint?
  Completed: 14:09:23

[14:09:23] Processing: site23/site23_cpd11_ternary
Usage: boltz predict [OPTIONS] DATA
Try 'boltz predict --help' for help.

Error: No such option: --affinity Did you mean --affinity_checkpoint?
  Completed: 14:09:29

[14:09:29] Processing: site23/site23_cpd12_binary
Usage: boltz predict [OPTIONS] DATA
Try 'boltz predict --help' for help.

Error: No such option: --affinity Did you mean --affinity_checkpoint?
  Completed: 14:09:36

[14:09:36] Processing: site23/site23_cpd12_ternary
Usage: boltz predict [OPTIONS] DATA
Try 'boltz predict --help' for help.

Error: No such option: --affinity Did you mean --affinity_checkpoint?
  Completed: 14:09:42

[14:09:42] Processing: site23/site23_cpd13_binary
Usage: boltz predict [OPTIONS] DATA
Try 'boltz predict --help' for help.

Error: No such option: --affinity Did you mean --affinity_checkpoint?
  Completed: 14:09:47

[14:09:47] Processing: site23/site23_cpd13_ternary
Usage: boltz predict [OPTIONS] DATA
Try 'boltz predict --help' for help.

Error: No such option: --affinity Did you mean --affinity_checkpoint?
  Completed: 14:09:54

[14:09:54] Processing: site23/site23_cpd14_binary
Usage: boltz predict [OPTIONS] DATA
Try 'boltz predict --help' for help.

Error: No such option: --affinity Did you mean --affinity_checkpoint?
  Completed: 14:10:01

[14:10:01] Processing: site23/site23_cpd14_ternary
Usage: boltz predict [OPTIONS] DATA
Try 'boltz predict --help' for help.

Error: No such option: --affinity Did you mean --affinity_checkpoint?
  Completed: 14:10:07

==========================================
Batch completed: Sat Sep  5 02:10:07 PM EDT 2026
Results in: /cluster/home/nbhatt04/lean_pipeline/cofolding_study/results/boltz2
==========================================
