==========================================
Boltz-2 SAR Affinity Predictions
Started: Sat Sep  5 02:08:41 PM EDT 2026
Job ID: 3294082
Array ID: 4
Node: pax105
GPU: 0
==========================================
Total YAML files: 180
Processing YAML files 40 to 49

[14:08:41] Processing: site21/site21_cpd29_binary
Usage: boltz predict [OPTIONS] DATA
Try 'boltz predict --help' for help.

Error: No such option: --affinity Did you mean --affinity_checkpoint?
  Completed: 14:09:08

[14:09:08] Processing: site21/site21_cpd29_ternary
Usage: boltz predict [OPTIONS] DATA
Try 'boltz predict --help' for help.

Error: No such option: --affinity Did you mean --affinity_checkpoint?
  Completed: 14:09:16

[14:09:16] Processing: site21/site21_cpd2_binary
Usage: boltz predict [OPTIONS] DATA
Try 'boltz predict --help' for help.

Error: No such option: --affinity Did you mean --affinity_checkpoint?
  Completed: 14:09:23

[14:09:23] Processing: site21/site21_cpd2_ternary
Usage: boltz predict [OPTIONS] DATA
Try 'boltz predict --help' for help.

Error: No such option: --affinity Did you mean --affinity_checkpoint?
  Completed: 14:09:29

[14:09:29] Processing: site21/site21_cpd30_binary
Usage: boltz predict [OPTIONS] DATA
Try 'boltz predict --help' for help.

Error: No such option: --affinity Did you mean --affinity_checkpoint?
  Completed: 14:09:36

[14:09:36] Processing: site21/site21_cpd30_ternary
Usage: boltz predict [OPTIONS] DATA
Try 'boltz predict --help' for help.

Error: No such option: --affinity Did you mean --affinity_checkpoint?
  Completed: 14:09:42

[14:09:42] Processing: site21/site21_cpd3_binary
Usage: boltz predict [OPTIONS] DATA
Try 'boltz predict --help' for help.

Error: No such option: --affinity Did you mean --affinity_checkpoint?
  Completed: 14:09:47

[14:09:47] Processing: site21/site21_cpd3_ternary
Usage: boltz predict [OPTIONS] DATA
Try 'boltz predict --help' for help.

Error: No such option: --affinity Did you mean --affinity_checkpoint?
  Completed: 14:09:54

[14:09:54] Processing: site21/site21_cpd4_binary
Usage: boltz predict [OPTIONS] DATA
Try 'boltz predict --help' for help.

Error: No such option: --affinity Did you mean --affinity_checkpoint?
  Completed: 14:10:00

[14:10:00] Processing: site21/site21_cpd4_ternary
Usage: boltz predict [OPTIONS] DATA
Try 'boltz predict --help' for help.

Error: No such option: --affinity Did you mean --affinity_checkpoint?
  Completed: 14:10:07

==========================================
Batch completed: Sat Sep  5 02:10:07 PM EDT 2026
Results in: /cluster/home/nbhatt04/lean_pipeline/cofolding_study/results/boltz2
==========================================
