==========================================
Boltz-2 SAR Affinity Predictions
Started: Fri Sep 11 03:57:03 PM EDT 2026
Job ID: 3571672
Array ID: 0
Node: pax007
GPU: 0
==========================================
Total YAML files: 180
Processing YAML files 0 to 9

[15:57:03] Processing: site21/site21_cpd10_binary
  Already completed, skipping...

[15:57:03] Processing: site21/site21_cpd10_ternary
  Already completed, skipping...

[15:57:03] Processing: site21/site21_cpd11_binary
  Already completed, skipping...

[15:57:04] Processing: site21/site21_cpd11_ternary
  Already completed, skipping...

[15:57:04] Processing: site21/site21_cpd12_binary
  Already completed, skipping...

[15:57:04] Processing: site21/site21_cpd12_ternary
  Already completed, skipping...

[15:57:04] Processing: site21/site21_cpd13_binary
  Already completed, skipping...

[15:57:04] Processing: site21/site21_cpd13_ternary
  Already completed, skipping...

[15:57:04] Processing: site21/site21_cpd14_binary
  Already completed, skipping...

[15:57:04] Processing: site21/site21_cpd14_ternary
  Already completed, skipping...

==========================================
Batch completed: Fri Sep 11 03:57:04 PM EDT 2026
Results in: /cluster/home/nbhatt04/lean_pipeline/cofolding_study/results/boltz2
==========================================
