==========================================
Boltz-2 SAR Affinity Predictions
Started: Sat Sep  5 02:08:41 PM EDT 2026
Job ID: 3294086
Array ID: 8
Node: pax106
GPU: 0
==========================================
Total YAML files: 180
Processing YAML files 80 to 89

[14:08:41] Processing: site23/site23_cpd1_binary
Usage: boltz predict [OPTIONS] DATA
Try 'boltz predict --help' for help.

Error: No such option: --affinity Did you mean --affinity_checkpoint?
  Completed: 14:09:09

[14:09:09] Processing: site23/site23_cpd1_ternary
Usage: boltz predict [OPTIONS] DATA
Try 'boltz predict --help' for help.

Error: No such option: --affinity Did you mean --affinity_checkpoint?
  Completed: 14:09:16

[14:09:16] Processing: site23/site23_cpd20_binary
Usage: boltz predict [OPTIONS] DATA
Try 'boltz predict --help' for help.

Error: No such option: --affinity Did you mean --affinity_checkpoint?
  Completed: 14:09:22

[14:09:22] Processing: site23/site23_cpd20_ternary
Usage: boltz predict [OPTIONS] DATA
Try 'boltz predict --help' for help.

Error: No such option: --affinity Did you mean --affinity_checkpoint?
  Completed: 14:09:28

[14:09:28] Processing: site23/site23_cpd21_binary
Usage: boltz predict [OPTIONS] DATA
Try 'boltz predict --help' for help.

Error: No such option: --affinity Did you mean --affinity_checkpoint?
  Completed: 14:09:33

[14:09:33] Processing: site23/site23_cpd21_ternary
Usage: boltz predict [OPTIONS] DATA
Try 'boltz predict --help' for help.

Error: No such option: --affinity Did you mean --affinity_checkpoint?
  Completed: 14:09:39

[14:09:39] Processing: site23/site23_cpd22_binary
Usage: boltz predict [OPTIONS] DATA
Try 'boltz predict --help' for help.

Error: No such option: --affinity Did you mean --affinity_checkpoint?
  Completed: 14:09:45

[14:09:45] Processing: site23/site23_cpd22_ternary
Usage: boltz predict [OPTIONS] DATA
Try 'boltz predict --help' for help.

Error: No such option: --affinity Did you mean --affinity_checkpoint?
  Completed: 14:09:51

[14:09:51] Processing: site23/site23_cpd23_binary
Usage: boltz predict [OPTIONS] DATA
Try 'boltz predict --help' for help.

Error: No such option: --affinity Did you mean --affinity_checkpoint?
  Completed: 14:09:56

[14:09:56] Processing: site23/site23_cpd23_ternary
Usage: boltz predict [OPTIONS] DATA
Try 'boltz predict --help' for help.

Error: No such option: --affinity Did you mean --affinity_checkpoint?
  Completed: 14:10:02

==========================================
Batch completed: Sat Sep  5 02:10:02 PM EDT 2026
Results in: /cluster/home/nbhatt04/lean_pipeline/cofolding_study/results/boltz2
==========================================
