==========================================
Boltz-2 SAR Affinity Predictions
Started: Sat Sep  5 02:10:03 PM EDT 2026
Job ID: 3294087
Array ID: 9
Node: pax052
GPU: 0
==========================================
Total YAML files: 180
Processing YAML files 90 to 99

[14:10:03] Processing: site23/site23_cpd24_binary
Usage: boltz predict [OPTIONS] DATA
Try 'boltz predict --help' for help.

Error: No such option: --affinity Did you mean --affinity_checkpoint?
  Completed: 14:10:32

[14:10:32] Processing: site23/site23_cpd24_ternary
Usage: boltz predict [OPTIONS] DATA
Try 'boltz predict --help' for help.

Error: No such option: --affinity Did you mean --affinity_checkpoint?
  Completed: 14:10:40

[14:10:40] Processing: site23/site23_cpd25_binary
Usage: boltz predict [OPTIONS] DATA
Try 'boltz predict --help' for help.

Error: No such option: --affinity Did you mean --affinity_checkpoint?
  Completed: 14:10:47

[14:10:48] Processing: site23/site23_cpd25_ternary
Usage: boltz predict [OPTIONS] DATA
Try 'boltz predict --help' for help.

Error: No such option: --affinity Did you mean --affinity_checkpoint?
  Completed: 14:10:54

[14:10:54] Processing: site23/site23_cpd26_binary
Usage: boltz predict [OPTIONS] DATA
Try 'boltz predict --help' for help.

Error: No such option: --affinity Did you mean --affinity_checkpoint?
  Completed: 14:11:02

[14:11:02] Processing: site23/site23_cpd26_ternary
Usage: boltz predict [OPTIONS] DATA
Try 'boltz predict --help' for help.

Error: No such option: --affinity Did you mean --affinity_checkpoint?
  Completed: 14:11:08

[14:11:08] Processing: site23/site23_cpd27_binary
Usage: boltz predict [OPTIONS] DATA
Try 'boltz predict --help' for help.

Error: No such option: --affinity Did you mean --affinity_checkpoint?
  Completed: 14:11:16

[14:11:16] Processing: site23/site23_cpd27_ternary
Usage: boltz predict [OPTIONS] DATA
Try 'boltz predict --help' for help.

Error: No such option: --affinity Did you mean --affinity_checkpoint?
  Completed: 14:11:22

[14:11:22] Processing: site23/site23_cpd28_binary
Usage: boltz predict [OPTIONS] DATA
Try 'boltz predict --help' for help.

Error: No such option: --affinity Did you mean --affinity_checkpoint?
  Completed: 14:11:30

[14:11:30] Processing: site23/site23_cpd28_ternary
Usage: boltz predict [OPTIONS] DATA
Try 'boltz predict --help' for help.

Error: No such option: --affinity Did you mean --affinity_checkpoint?
  Completed: 14:11:36

==========================================
Batch completed: Sat Sep  5 02:11:36 PM EDT 2026
Results in: /cluster/home/nbhatt04/lean_pipeline/cofolding_study/results/boltz2
==========================================
