==========================================
Boltz-2 SAR Affinity Predictions
Started: Sat Sep  5 02:10:03 PM EDT 2026
Job ID: 3294088
Array ID: 10
Node: pax051
GPU: 0
==========================================
Total YAML files: 180
Processing YAML files 100 to 109

[14:10:03] Processing: site23/site23_cpd29_binary
Usage: boltz predict [OPTIONS] DATA
Try 'boltz predict --help' for help.

Error: No such option: --affinity Did you mean --affinity_checkpoint?
  Completed: 14:10:39

[14:10:39] Processing: site23/site23_cpd29_ternary
Usage: boltz predict [OPTIONS] DATA
Try 'boltz predict --help' for help.

Error: No such option: --affinity Did you mean --affinity_checkpoint?
  Completed: 14:10:49

[14:10:49] Processing: site23/site23_cpd2_binary
Usage: boltz predict [OPTIONS] DATA
Try 'boltz predict --help' for help.

Error: No such option: --affinity Did you mean --affinity_checkpoint?
  Completed: 14:10:58

[14:10:58] Processing: site23/site23_cpd2_ternary
Usage: boltz predict [OPTIONS] DATA
Try 'boltz predict --help' for help.

Error: No such option: --affinity Did you mean --affinity_checkpoint?
  Completed: 14:11:05

[14:11:05] Processing: site23/site23_cpd30_binary
Usage: boltz predict [OPTIONS] DATA
Try 'boltz predict --help' for help.

Error: No such option: --affinity Did you mean --affinity_checkpoint?
  Completed: 14:11:14

[14:11:14] Processing: site23/site23_cpd30_ternary
Usage: boltz predict [OPTIONS] DATA
Try 'boltz predict --help' for help.

Error: No such option: --affinity Did you mean --affinity_checkpoint?
  Completed: 14:11:20

[14:11:20] Processing: site23/site23_cpd3_binary
Usage: boltz predict [OPTIONS] DATA
Try 'boltz predict --help' for help.

Error: No such option: --affinity Did you mean --affinity_checkpoint?
  Completed: 14:11:27

[14:11:27] Processing: site23/site23_cpd3_ternary
Usage: boltz predict [OPTIONS] DATA
Try 'boltz predict --help' for help.

Error: No such option: --affinity Did you mean --affinity_checkpoint?
  Completed: 14:11:34

[14:11:35] Processing: site23/site23_cpd4_binary
Usage: boltz predict [OPTIONS] DATA
Try 'boltz predict --help' for help.

Error: No such option: --affinity Did you mean --affinity_checkpoint?
  Completed: 14:11:43

[14:11:43] Processing: site23/site23_cpd4_ternary
Usage: boltz predict [OPTIONS] DATA
Try 'boltz predict --help' for help.

Error: No such option: --affinity Did you mean --affinity_checkpoint?
  Completed: 14:11:50

==========================================
Batch completed: Sat Sep  5 02:11:50 PM EDT 2026
Results in: /cluster/home/nbhatt04/lean_pipeline/cofolding_study/results/boltz2
==========================================
