==========================================
Boltz-2 SAR Affinity Predictions
Started: Sat Sep  5 02:51:31 PM EDT 2026
Job ID: 3294515
Array ID: 3
Node: pax106
GPU: 0
==========================================
Total YAML files: 180
Processing YAML files 30 to 39

[14:51:31] Processing: site21/site21_cpd24_binary
Downloading the Boltz-2 affinity weights to /cluster/home/nbhatt04/.boltz/boltz2_aff.ckpt. You may change the cache directory with the --cache flag.
Checking input data.
Traceback (most recent call last):
  File "/cluster/home/nbhatt04/.venvs/pymol/bin/boltz", line 8, in <module>
    sys.exit(cli())
             ^^^^^
  File "/cluster/home/nbhatt04/.venvs/pymol/lib/python3.11/site-packages/click/core.py", line 1157, in __call__
    return self.main(*args, **kwargs)
           ^^^^^^^^^^^^^^^^^^^^^^^^^^
  File "/cluster/home/nbhatt04/.venvs/pymol/lib/python3.11/site-packages/click/core.py", line 1078, in main
    rv = self.invoke(ctx)
         ^^^^^^^^^^^^^^^^
  File "/cluster/home/nbhatt04/.venvs/pymol/lib/python3.11/site-packages/click/core.py", line 1688, in invoke
    return _process_result(sub_ctx.command.invoke(sub_ctx))
                           ^^^^^^^^^^^^^^^^^^^^^^^^^^^^^^^
  File "/cluster/home/nbhatt04/.venvs/pymol/lib/python3.11/site-packages/click/core.py", line 1434, in invoke
    return ctx.invoke(self.callback, **ctx.params)
           ^^^^^^^^^^^^^^^^^^^^^^^^^^^^^^^^^^^^^^^
  File "/cluster/home/nbhatt04/.venvs/pymol/lib/python3.11/site-packages/click/core.py", line 783, in invoke
    return __callback(*args, **kwargs)
           ^^^^^^^^^^^^^^^^^^^^^^^^^^^
  File "/cluster/home/nbhatt04/.venvs/pymol/lib/python3.11/site-packages/boltz/main.py", line 1162, in predict
    process_inputs(
  File "/cluster/home/nbhatt04/.venvs/pymol/lib/python3.11/site-packages/lightning_utilities/core/rank_zero.py", line 42, in wrapped_fn
    return fn(*args, **kwargs)
           ^^^^^^^^^^^^^^^^^^^
  File "/cluster/home/nbhatt04/.venvs/pymol/lib/python3.11/site-packages/boltz/main.py", line 766, in process_inputs
    ccd = load_canonicals(mol_dir)
          ^^^^^^^^^^^^^^^^^^^^^^^^
  File "/cluster/home/nbhatt04/.venvs/pymol/lib/python3.11/site-packages/boltz/data/mol.py", line 56, in load_canonicals
    return load_molecules(moldir, const.canonical_tokens)
           ^^^^^^^^^^^^^^^^^^^^^^^^^^^^^^^^^^^^^^^^^^^^^^
  File "/cluster/home/nbhatt04/.venvs/pymol/lib/python3.11/site-packages/boltz/data/mol.py", line 36, in load_molecules
    raise ValueError(msg)
ValueError: CCD component ALA not found!
  Completed: 14:53:32

[14:53:32] Processing: site21/site21_cpd24_ternary
